// Vitest Snapshot v1, https://vitest.dev/guide/snapshot.html

exports[`ICS Formatter > Happy Path > generates ICS from fixture events matching snapshot 1`] = `
"BEGIN:VCALENDAR
VERSION:2.0
PRODID:kulturkalender-greifswald
METHOD:PUBLISH
X-WR-TIMEZONE:Europe/Berlin
X-PUBLISHED-TTL:PT1H
X-WR-CALNAME:Kulturkalender Greifswald
BEGIN:VTIMEZONE
TZID:Europe/Berlin
BEGIN:DAYLIGHT
DTSTART:19700329T040000
TZOFFSETFROM:+0100
TZOFFSETTO:+0200
TZNAME:CEST
RRULE:FREQ=YEARLY;BYDAY=-1SU;BYMONTH=3
END:DAYLIGHT
BEGIN:STANDARD
DTSTART:19701025T040000
TZOFFSETFROM:+0200
TZOFFSETTO:+0100
TZNAME:CET
RRULE:FREQ=YEARLY;BYDAY=-1SU;BYMONTH=10
END:STANDARD
END:VTIMEZONE
BEGIN:VEVENT
UID:kulturkalender-58362-2026-04-26
RELATED-TO:kulturkalender-58362
SUMMARY:Mit Blick auf´s Wasser
DESCRIPTION:Fotoausstellung von Thomas Mauroschat\\n\\nVon April bis Juni wir
 d es eine Fotoausstellung im Gemeinderaum geben. Thomas Mauroschat zeigt se
 ine schönsten Fotos vom Ryck und Wieck. Mit seinen außergewöhnlichen Luftpe
 rspektiven hat er in den sozialen Medien bereits viele Anhänger gewonnen. \\
 nAm 28.3. um 15 Uhr laden wir herzlich zur Vernissage der neuen Ausstellung
  ein. Dort können Sie mit dem Künstler ins Gespräch kommen.\\nEinen Einblick
  in seine Arbeit finden Sie auf www.tm-photography.org\\n\\nÖffnungszeiten:\\n
 sonntags von 11-12 Uhr \\nfreitags von 9.00 - 12.00 Uhr\\n\\nhttps://www.kultu
 rkalender.greifswald.de/rails/active_storage/representations/redirect/eyJfc
 mFpbHMiOnsiZGF0YSI6MzU3MCwicHVyIjoiYmxvYl9pZCJ9fQ==--4073f593d007d9afa0e5be
 7056ef1f52984432d5/eyJfcmFpbHMiOnsiZGF0YSI6eyJmb3JtYXQiOiJqcGciLCJyZXNpemVf
 dG9fbGltaXQiOlsxNTAwLG51bGxdfSwicHVyIjoidmFyaWF0aW9uIn19--c56dfb44d623097a4
 4fb367f821d9950f7615867/GreifswaldAgainINSTA2.jpg\\n\\nhttps://www.kulturkale
 nder.greifswald.de/events/58362?start_on=2026-04-26\\n\\n#Ausstellung
DTSTART;VALUE=DATE:20260426
DTSTAMP:REDACTED
DTEND;VALUE=DATE:20260427
LOCATION:Kirche Wieck
URL:https://www.kulturkalender.greifswald.de/events/58362?start_on=2026-04-
 26
STATUS:CONFIRMED
CATEGORIES:Ausstellung
ORGANIZER;CN=Kulturkalender Greifswald:MAILTO:info@greifswald.de
X-ALT-DESC;FMTTYPE=text/html:<!DOCTYPE html><html><body><div class="p-descr
 iption"><p>Fotoausstellung von Thomas Mauroschat</p><p>Von April bis Juni w
 ird es eine Fotoausstellung im Gemeinderaum geben. Thomas Mauroschat zeigt 
 seine schönsten Fotos vom Ryck und Wieck. Mit seinen außergewöhnlichen Luft
 perspektiven hat er in den sozialen Medien bereits viele Anhänger gewonnen.
  <br>Am 28.3. um 15 Uhr laden wir herzlich zur Vernissage der neuen Ausstel
 lung ein. Dort können Sie mit dem Künstler ins Gespräch kommen.<br>Einen Ei
 nblick in seine Arbeit finden Sie auf www.tm-photography.org</p><p>Öffnungs
 zeiten:<br>sonntags von 11-12 Uhr <br>freitags von 9.00 - 12.00 Uhr</p></di
 v><img class="u-photo" src="https://www.kulturkalender.greifswald.de/rails/
 active_storage/representations/redirect/eyJfcmFpbHMiOnsiZGF0YSI6MzU3MCwicHV
 yIjoiYmxvYl9pZCJ9fQ==--4073f593d007d9afa0e5be7056ef1f52984432d5/eyJfcmFpbHM
 iOnsiZGF0YSI6eyJmb3JtYXQiOiJqcGciLCJyZXNpemVfdG9fbGltaXQiOlsxNTAwLG51bGxdfS
 wicHVyIjoidmFyaWF0aW9uIn19--c56dfb44d623097a44fb367f821d9950f7615867/Greifs
 waldAgainINSTA2.jpg" /><p class="link"><a class="u-url" href="https://www.k
 ulturkalender.greifswald.de/events/58362?start_on=2026-04-26">https://www.k
 ulturkalender.greifswald.de/events/58362?start_on=2026-04-26</a></p><p clas
 s="taxonomy"><span class="p-category">#Ausstellung</span></p></body></html>
END:VEVENT
BEGIN:VEVENT
UID:kulturkalender-58240-2026-04-26
RELATED-TO:kulturkalender-58240
SUMMARY:Galerie der Romantik
DESCRIPTION:Caspar David Friedrich sehen\\n\\n1774 erblickte Caspar David Fri
 edrich in Greifswald das Licht der Welt. Heute ist er der weltweit bekannte
 ste Maler des 19. Jahrhunderts und steht im Mittelpunkt der Galerie der Rom
 antik. Besucher*innen empfängt eine Kapelle\\, die mit einem multimedialen K
 unstwerk auf Friedrichs poetische Bildwelt einstimmt. Man erlebt mit\\, wie 
 seine Bilder Form annahmen\\, kann sich in die Originale vertiefen und erfah
 ren\\, was für ein Mensch der Seifensiedersohn aus Schwedisch-Pommern war. O
 der wussten Sie schon\\, dass Caspar David Friedrich Kanarienvögel züchtete 
 und für seinen gewaltigen Vollbart berühmt und berüchtigt war?\\n\\nDer Bau w
 ird gefördert durch den Beauftragten der Bundesregierung für Kultur und Med
 ien aufgrund eines Beschlusses des Deutschen Bundestages.\\nInterreg. Kofina
 nziert von der Europäischen Union. \\nIm Rahmen des Interreg-Projekts „Gemei
 nsame Wege zur Kunst in Pommern“ wird das Projekt durch die Europäische Uni
 on mit Mitteln des Fonds für Regionale Entwicklung (EFRE) kofinanziert.\\n\\n
 https://www.kulturkalender.greifswald.de/rails/active_storage/representatio
 ns/redirect/eyJfcmFpbHMiOnsiZGF0YSI6MzQ3NywicHVyIjoiYmxvYl9pZCJ9fQ==--98f8b
 63dba61fd7f0904f574818155d2dab40ae5/eyJfcmFpbHMiOnsiZGF0YSI6eyJmb3JtYXQiOiJ
 qcGciLCJyZXNpemVfdG9fbGltaXQiOlsxNTAwLG51bGxdfSwicHVyIjoidmFyaWF0aW9uIn19--
 c56dfb44d623097a44fb367f821d9950f7615867/Pl_A3_Galerie%20der%20Romantik.jpg
 \\n\\nhttps://www.kulturkalender.greifswald.de/events/58240?start_on=2026-04-
 26\\n\\n#Ausstellung
DTSTART;VALUE=DATE:20260426
DTSTAMP:REDACTED
DTEND;VALUE=DATE:20260427
LOCATION:Pommersches Landesmuseum
URL:https://www.kulturkalender.greifswald.de/events/58240?start_on=2026-04-
 26
STATUS:CONFIRMED
CATEGORIES:Ausstellung
ORGANIZER;CN=Kulturkalender Greifswald:MAILTO:info@greifswald.de
X-ALT-DESC;FMTTYPE=text/html:<!DOCTYPE html><html><body><div class="p-descr
 iption"><p>Caspar David Friedrich sehen</p><p>1774 erblickte Caspar David F
 riedrich in Greifswald das Licht der Welt. Heute ist er der weltweit bekann
 teste Maler des 19. Jahrhunderts und steht im Mittelpunkt der Galerie der R
 omantik. Besucher*innen empfängt eine Kapelle, die mit einem multimedialen 
 Kunstwerk auf Friedrichs poetische Bildwelt einstimmt. Man erlebt mit, wie 
 seine Bilder Form annahmen, kann sich in die Originale vertiefen und erfahr
 en, was für ein Mensch der Seifensiedersohn aus Schwedisch-Pommern war. Ode
 r wussten Sie schon, dass Caspar David Friedrich Kanarienvögel züchtete und
  für seinen gewaltigen Vollbart berühmt und berüchtigt war?</p><p>Der Bau w
 ird gefördert durch den Beauftragten der Bundesregierung für Kultur und Med
 ien aufgrund eines Beschlusses des Deutschen Bundestages.<br>Interreg. Kofi
 nanziert von der Europäischen Union. <br>Im Rahmen des Interreg-Projekts „G
 emeinsame Wege zur Kunst in Pommern“ wird das Projekt durch die Europäische
  Union mit Mitteln des Fonds für Regionale Entwicklung (EFRE) kofinanziert.
 </p></div><img class="u-photo" src="https://www.kulturkalender.greifswald.d
 e/rails/active_storage/representations/redirect/eyJfcmFpbHMiOnsiZGF0YSI6MzQ
 3NywicHVyIjoiYmxvYl9pZCJ9fQ==--98f8b63dba61fd7f0904f574818155d2dab40ae5/eyJ
 fcmFpbHMiOnsiZGF0YSI6eyJmb3JtYXQiOiJqcGciLCJyZXNpemVfdG9fbGltaXQiOlsxNTAwLG
 51bGxdfSwicHVyIjoidmFyaWF0aW9uIn19--c56dfb44d623097a44fb367f821d9950f761586
 7/Pl_A3_Galerie%20der%20Romantik.jpg" /><p class="link"><a class="u-url" hr
 ef="https://www.kulturkalender.greifswald.de/events/58240?start_on=2026-04-
 26">https://www.kulturkalender.greifswald.de/events/58240?start_on=2026-04-
 26</a></p><p class="taxonomy"><span class="p-category">#Ausstellung</span><
 /p></body></html>
END:VEVENT
BEGIN:VEVENT
UID:kulturkalender-54014-2026-04-26
RELATED-TO:kulturkalender-54014
SUMMARY:Tägliche öffentliche Führung durch Aula und Karzer
DESCRIPTION:Die Kustodie der Uni Greifswald bietet jährlich - neben ganzjäh
 rigen Gruppenführungen - vom 01.04. bis zum 31.10. täglich von Montag bis S
 onntag um 15 Uhr eine öffentliche Führung durch Aula und Karzer an.\\n\\nScha
 uen Sie großen Denkern in die Augen und begnadeten Ärzten der Universität G
 reifswald auf die Finger. Lernen Sie die Geschichte der Alma Mater Pommerns
  und der ältesten schwedischen Universität kennen. Erfahren Sie mehr über d
 ie Hochschule in den politischen Umbrüchen der letzten 200 Jahre. Wir zeige
 n Ihnen unsere ‚gute Stube‘\\, die barocke Aula\\, und lassen Sie Gefängnislu
 ft schnuppern. Staunen Sie über die derben Späße der studentischen Sträflin
 ge vergangener Zeiten.\\n\\nAnmeldung: ohne\\nTreffpunkt: Am Rubenow-Denkmal (
 Am Rubenowplatz\\, 17489 Greifswald)\\nBeginn: 15:00 Uhr\\nDauer: 45 Minuten\\n
 Preis: 5 € (Kinder zahlen ab Schuleintritt)\\nBezahlung: passend in bar vor 
 Ort\\nSprache: Deutsch\\n\\nBitte beachten Sie:\\nIn Ausnahmefällen (zum Beispi
 el bei universitären Veranstaltungen) kann die Aula nicht besichtigt werden
 . Alternativ wird der Konzilsaal im Hauptgebäude\\, das Hörsaalgebäude oder 
 der noch heute genutzte historische Hörsaal mit Originalbestuhlung besichti
 gt. Ihr Tourguide informiert Sie vor Beginn der Führung.\\n\\nBuchen Sie eine
  Gruppenführung!\\nNeben öffentlichen Führungen bietet die Kustodie acht the
 matische Gruppenführung an. Diese können ganzjährig von Montag bis Sonntag 
 zwischen 8 und 22 Uhr stattfinden. https://www.uni-greifswald.de/universita
 et/einrichtungen/kustodie/universitaetsfuehrungen/gruppen-fuehrungen-mit-an
 meldung/\\n\\n-----------------------------------------\\nAnsprechpartnerin:\\n
 Caroline Weihrauch\\nUniversität Greifswald\\nKustodie\\nDomstraße 11\\, Eingan
 g 4\\n17489 Greifswald\\n\\nTel.: +49 38344203060\\nMail: unifuehrungen@uni-gre
 ifswald.de\\nWeb: www.uni-Greifswald.de/fuehrungen\\n\\nhttps://www.kulturkale
 nder.greifswald.de/rails/active_storage/representations/redirect/eyJfcmFpbH
 MiOnsiZGF0YSI6MjIxMiwicHVyIjoiYmxvYl9pZCJ9fQ==--09cfc647bb6ba1d071cddae9fee
 7c48c714368f2/eyJfcmFpbHMiOnsiZGF0YSI6eyJmb3JtYXQiOiJqcGciLCJyZXNpemVfdG9fb
 GltaXQiOlsxNTAwLG51bGxdfSwicHVyIjoidmFyaWF0aW9uIn19--c56dfb44d623097a44fb36
 7f821d9950f7615867/Kustodiefuhrungen_Foto-Pressestelle_klein.jpg\\n\\nhttps:/
 /www.kulturkalender.greifswald.de/events/54014?start_on=2026-04-26\\n\\n#Extr
 a
DTSTART;VALUE=DATE-TIME;TZID=Europe/Berlin:20260426T150000
DTSTAMP:REDACTED
DURATION:PT2H
LOCATION:Universität
URL:https://www.kulturkalender.greifswald.de/events/54014?start_on=2026-04-
 26
STATUS:CONFIRMED
CATEGORIES:Extra
ORGANIZER;CN=Kustodie der Universität Greifswald:MAILTO:info@greifswald.de
X-ALT-DESC;FMTTYPE=text/html:<!DOCTYPE html><html><body><div class="p-descr
 iption"><p>Die Kustodie der Uni Greifswald bietet jährlich - neben ganzjähr
 igen Gruppenführungen - vom 01.04. bis zum 31.10. täglich von Montag bis So
 nntag um 15 Uhr eine öffentliche Führung durch Aula und Karzer an.</p><p>Sc
 hauen Sie großen Denkern in die Augen und begnadeten Ärzten der Universität
  Greifswald auf die Finger. Lernen Sie die Geschichte der Alma Mater Pommer
 ns und der ältesten schwedischen Universität kennen. Erfahren Sie mehr über
  die Hochschule in den politischen Umbrüchen der letzten 200 Jahre. Wir zei
 gen Ihnen unsere ‚gute Stube‘, die barocke Aula, und lassen Sie Gefängnislu
 ft schnuppern. Staunen Sie über die derben Späße der studentischen Sträflin
 ge vergangener Zeiten.</p><p>Anmeldung: ohne<br>Treffpunkt: Am Rubenow-Denk
 mal (Am Rubenowplatz, 17489 Greifswald)<br>Beginn: 15:00 Uhr<br>Dauer: 45 M
 inuten<br>Preis: 5 € (Kinder zahlen ab Schuleintritt)<br>Bezahlung: passend
  in bar vor Ort<br>Sprache: Deutsch</p><p>Bitte beachten Sie:<br>In Ausnahm
 efällen (zum Beispiel bei universitären Veranstaltungen) kann die Aula nich
 t besichtigt werden. Alternativ wird der Konzilsaal im Hauptgebäude, das Hö
 rsaalgebäude oder der noch heute genutzte historische Hörsaal mit Originalb
 estuhlung besichtigt. Ihr Tourguide informiert Sie vor Beginn der Führung.<
 /p><p>Buchen Sie eine Gruppenführung!<br>Neben öffentlichen Führungen biete
 t die Kustodie acht thematische Gruppenführung an. Diese können ganzjährig 
 von Montag bis Sonntag zwischen 8 und 22 Uhr stattfinden. https://www.uni-g
 reifswald.de/universitaet/einrichtungen/kustodie/universitaetsfuehrungen/gr
 uppen-fuehrungen-mit-anmeldung/</p><p>-------------------------------------
 ----<br>Ansprechpartnerin:<br>Caroline Weihrauch<br>Universität Greifswald<
 br>Kustodie<br>Domstraße 11, Eingang 4<br>17489 Greifswald</p><p>Tel.: +49 
 38344203060<br>Mail: unifuehrungen@uni-greifswald.de<br>Web: www.uni-Greifs
 wald.de/fuehrungen</p></div><img class="u-photo" src="https://www.kulturkal
 ender.greifswald.de/rails/active_storage/representations/redirect/eyJfcmFpb
 HMiOnsiZGF0YSI6MjIxMiwicHVyIjoiYmxvYl9pZCJ9fQ==--09cfc647bb6ba1d071cddae9fe
 e7c48c714368f2/eyJfcmFpbHMiOnsiZGF0YSI6eyJmb3JtYXQiOiJqcGciLCJyZXNpemVfdG9f
 bGltaXQiOlsxNTAwLG51bGxdfSwicHVyIjoidmFyaWF0aW9uIn19--c56dfb44d623097a44fb3
 67f821d9950f7615867/Kustodiefuhrungen_Foto-Pressestelle_klein.jpg" /><p cla
 ss="link"><a class="u-url" href="https://www.kulturkalender.greifswald.de/e
 vents/54014?start_on=2026-04-26">https://www.kulturkalender.greifswald.de/e
 vents/54014?start_on=2026-04-26</a></p><p class="taxonomy"><span class="p-c
 ategory">#Extra</span></p></body></html>
END:VEVENT
END:VCALENDAR
"
`;
